83 1311066  1309159                   3         0.0         NaN      0               0         0.0        NaN
97 1311066  1309159                   1         0.0         NaN      0               0         0.0        NaN
79  429936   429514                   1         0.0         NaN      0               0         0.0        NaN
83  429936   429514                   4         0.0         NaN      0               0         0.0        NaN
67  359009   358832                   4         0.0         NaN     0               0         0.0        NaN
73  359009   358832                   1         0.0         NaN     0               0         0.0        NaN
[repro] work summary DIFFERS
2,25c2,25
< 2,1311066,964432,805742,,,344727,343940,,0.0
< 3,1311066,1233729,598833,0.0,0.0,75430,67845,0.0,
< 5,1311066,1303224,235510,0.0,,5935,4454,0.0,
< 7,1311066,1307753,121947,0.0,,1406,759,0.0,
< 11,1311066,1309103,42334,0.0,,56,0,0.0,
< 13,1311066,1308945,27215,0.0,,214,26,0.0,
< 17,1311066,1309147,12496,0.0,,12,4,0.0,
< 19,1311066,1309159,8619,0.0,,0,0,0.0,
< 23,1311066,1309159,4588,0.0,,0,0,0.0,
[repro] holdout summary DIFFERS
2,24c2,24
< 2,429936,325510,279439,,,104004,103883,,0.0
< 3,429936,409577,206749,0.0,0.0,19937,18225,0.0,
< 5,429936,428251,79550,0.0,,1263,989,0.0,
< 7,429936,429280,41387,0.0,,234,137,0.0,
< 11,429936,429502,14244,0.0,,12,0,0.0,
< 13,429936,429498,9212,0.0,,16,2,0.0,
< 17,429936,429514,4261,0.0,,0,0,0.0,
< 19,429936,429514,2908,0.0,,0,0,0.0,
< 23,429936,429514,1552,0.0,,0,0,0.0,
[repro] ext summary DIFFERS
2,21c2,21
< 2,359009,313741,270286,,,45091,44996,,0.0
< 3,359009,348227,181075,0.0,0.0,10605,9894,0.0,
< 5,359009,358244,70514,0.0,,588,474,0.0,
< 7,359009,358717,36734,0.0,,115,70,0.0,
< 11,359009,358830,13347,0.0,,2,0,0.0,
< 13,359009,358816,8467,0.0,,16,5,0.0,
< 17,359009,358828,4046,0.0,,4,0,0.0,
< 19,359009,358832,2979,0.0,,0,0,0.0,
< 23,359009,358832,1527,0.0,,0,0,0.0,
[repro] checker end Tue Oct  6 18:47:34 UTC 2026
