oot
 l  curves  full>0  viol_full  eq_full  noIII>0  viol_noIII  eq_noIII  noIIIall>0  viol_noIIIall  eq_noIIIall  noql>0  viol_noql  eq_noql
 3     893     828          0   0.5254      828           0    0.5193         827              0       0.5163     804          0   0.4229
 5     893     112          0   0.8214      111           0    0.8198         111              0       0.8198     111          0   0.8198
 7     893      52          0   0.9038       52           0    0.9038          52              0       0.9038      52          0   0.9038
11     893      19          0   0.9474       19           0    0.9474          19              0       0.9474      19          0   0.9474
13     893      12          0   1.0000       12           0    1.0000          12              0       1.0000      12          0   1.0000
work
 l  curves  full>0  viol_full  eq_full  noIII>0  viol_noIII  eq_noIII  noIIIall>0  viol_noIIIall  eq_noIIIall  noql>0  viol_noql  eq_noql
 3 1233729  867578        364   0.5749   862210          64    0.5687      861074              0       0.5679  800833          0   0.5214
 5 1303224  332771          0   0.7561   330477           0    0.7552      330477              0       0.7552  330477          0   0.7552
 7 1307753  174266          0   0.8409   173488           0    0.8408      173488              0       0.8408  173488          0   0.8408
11 1309103   59849          0   0.9158    59495           0    0.9155       59495              0       0.9155   59495          0   0.9155
13 1308945   35817          0   0.9238    35635           0    0.9237       35635              0       0.9237   35635          0   0.9237
holdout
 l  curves  full>0  viol_full  eq_full  noIII>0  viol_noIII  eq_noIII  noIIIall>0  viol_noIIIall  eq_noIIIall  noql>0  viol_noql  eq_noql
 3  409577  298435         68   0.5466   296353           4    0.5399      295973              0       0.5388  277265          0   0.4928
 5  428251  115702          0   0.7418   114860           0    0.7400      114860              0       0.7400  114860          0   0.7400
 7  429280   60868          0   0.8322    60580           0    0.8320       60580              0       0.8320   60580          0   0.8320
11  429502   21271          0   0.9061    21097           0    0.9059       21097              0       0.9059   21097          0   0.9059
13  429498   12751          0   0.9238    12681           0    0.9234       12681              0       0.9234   12681          0   0.9234
ext
 l  curves  full>0  viol_full  eq_full  noIII>0  viol_noIII  eq_noIII  noIIIall>0  viol_noIIIall  eq_noIIIall  noql>0  viol_noql  eq_noql
 3  348227  257165         43   0.5397   255735           2    0.5331      255507              0       0.5323  238359          0   0.4808
 5  358244  100034          0   0.7333    99401           0    0.7323       99401              0       0.7323   99401          0   0.7323
 7  358717   53034          0   0.8268    52766           0    0.8268       52766              0       0.8268   52766          0   0.8268
11  358830   19235          0   0.9065    19136           0    0.9064       19136              0       0.9064   19136          0   0.9064
13  358816   11561          0   0.9193    11484           0    0.9193       11484              0       0.9193   11484          0   0.9193
